Microchip MPLAB XC8 Compiler V2.00 ()

Linker command line:

-W-3 --edf=C:\Program Files (x86)\Microchip\xc8\v2.00\pic\dat\en_msgs.txt \
  -cs -h+dist/default/production\gizmo_firmware.X.production.sym \
  --cmf=dist/default/production\gizmo_firmware.X.production.cmf -z \
  -Q12LF1572 -oC:\Users\Lachlan\AppData\Local\Temp\s4ng.2 \
  --defsym=__MPLAB_BUILD=1 \
  -Mdist/default/production/gizmo_firmware.X.production.map -E1 -ver=XC8 \
  --acfsm=1493 -ASTACK=0202Ch-0208bh -pstack=STACK -ACODE=00h-07FFh \
  -ASTRCODE=00h-07FFh -ASTRING=00h-0FFhx8 -ACONST=00h-0FFhx8 \
  -AENTRY=00h-0FFhx8 -ACOMMON=070h-07Fh -ABANK0=020h-06Fh -ABANK1=0A0h-0EFh \
  -ABANK2=0120h-016Fh -ABIGRAM=02000h-020EFh \
  -ARAM=020h-06Fh,0A0h-0EFh,0120h-016Fh \
  -AABS1=020h-07Fh,0A0h-0EFh,0120h-016Fh -ASFR0=00h-01Fh -ASFR1=080h-09Fh \
  -ASFR2=0100h-011Fh -ASFR3=0180h-01EFh -ASFR4=0200h-026Fh \
  -ASFR5=0280h-02EFh -ASFR6=0300h-036Fh -ASFR7=0380h-03EFh \
  -ASFR8=0400h-046Fh -ASFR9=0480h-04EFh -ASFR10=0500h-056Fh \
  -ASFR11=0580h-05EFh -ASFR12=0600h-066Fh -ASFR13=0680h-06EFh \
  -ASFR14=0700h-076Fh -ASFR15=0780h-07EFh -ASFR16=0800h-086Fh \
  -ASFR17=0880h-08EFh -ASFR18=0900h-096Fh -ASFR19=0980h-09EFh \
  -ASFR20=0A00h-0A6Fh -ASFR21=0A80h-0AEFh -ASFR22=0B00h-0B6Fh \
  -ASFR23=0B80h-0BEFh -ASFR24=0C00h-0C6Fh -ASFR25=0C80h-0CEFh \
  -ASFR26=0D00h-0D6Fh -ASFR27=0D80h-0DEFh -ASFR28=0E00h-0E6Fh \
  -ASFR29=0E80h-0EEFh -ASFR30=0F00h-0F6Fh -ASFR31=0F80h-0FEFh \
  -preset_vec=00h,intentry=04h,init,end_init -ppowerup=CODE -pcinit=CODE \
  -pfunctab=ENTRY -ACONFIG=08007h-08008h -pconfig=CONFIG -DCONFIG=2 \
  -AIDLOC=08000h-08003h -pidloc=IDLOC -DIDLOC=2 -DCODE=2 -DSTRCODE=2 \
  -DSTRING=2 -DCONST=2 -DENTRY=2 -k \
  C:\Users\Lachlan\AppData\Local\Temp\s4ng.o \
  dist/default/production\gizmo_firmware.X.production.o 

Object code version is 3.11

Machine type is 12LF1572



                Name                               Link     Load   Length Selector   Space Scale
C:\Users\Lachlan\AppData\Local\Temp\s4ng.o
                end_init                             16       16        1        8       0
                reset_vec                             0        0        1        0       0
                config                             8007     8007        2    1000E       0
dist/default/production\gizmo_firmware.X.production.o
                cinit                                17       17       17        8       0
                intentry                              4        4       12        8       0
                text81                              5BB      5BB        1        8       0
                text80                              5BA      5BA        1        8       0
                text79                              493      493        D        8       0
                text78                              532      532        8        8       0
                text77                              58A      58A        4        8       0
                text76                              4C3      4C3        B        8       0
                text75                              55D      55D        7        8       0
                text74                              556      556        7        8       0
                text73                              57D      57D        5        8       0
                text72                              5B6      5B6        2        8       0
                text71                              578      578        5        8       0
                text70                              5B4      5B4        2        8       0
                text69                              573      573        5        8       0
                text68                              5B2      5B2        2        8       0
                text67                              59D      59D        3        8       0
                text66                              5B0      5B0        2        8       0
                text65                              5AE      5AE        2        8       0
                text64                              586      586        4        8       0
                text63                              45E      45E       14        8       0
                text62                              186      186       45        8       0
                text61                              5B9      5B9        1        8       0
                text60                              4AC      4AC        C        8       0
                text59                              54F      54F        7        8       0
                text58                              5B8      5B8        1        8       0
                text57                              4CE      4CE        A        8       0
                text56                              485      485        E        8       0
                text55                              548      548        7        8       0
                text53                              4E1      4E1        9        8       0
                text52                              4B8      4B8        B        8       0
                text51                              541      541        7        8       0
                text50                              56E      56E        5        8       0
                text49                              569      569        5        8       0
                text48                              29A      29A       29        8       0
                text47                              44A      44A       14        8       0
                text46                              472      472       13        8       0
                text45                              436      436       14        8       0
                text44                              564      564        5        8       0
                text43                              3F4      3F4       17        8       0
                text42                              582      582        4        8       0
                text41                              4D8      4D8        9        8       0
                text40                              370      370       1D        8       0
                text39                              53A      53A        7        8       0
                text38                               2E       2E       AC        8       0
                text37                              3DC      3DC       18        8       0
                text36                              3C4      3C4       18        8       0
                text35                              52A      52A        8        8       0
                text34                              5AC      5AC        2        8       0
                text33                              522      522        8        8       0
                text32                              5AA      5AA        2        8       0
                text31                              51A      51A        8        8       0
                text30                              5A8      5A8        2        8       0
                text29                              38D      38D       1C        8       0
                text28                              2C3      2C3       26        8       0
                text27                              59A      59A        3        8       0
                text26                              5A6      5A6        2        8       0
                text25                              5A4      5A4        2        8       0
                text24                              597      597        3        8       0
                text23                              40B      40B       16        8       0
                text22                              1CB      1CB       35        8       0
                text21                              330      330       21        8       0
                text20                              3A9      3A9       1B        8       0
                text19                              2E9      2E9       25        8       0
                text18                              234      234       34        8       0
                text17                              268      268       32        8       0
                text16                              200      200       34        8       0
                text15                              351      351       1F        8       0
                text14                              594      594        3        8       0
                text13                              421      421       15        8       0
                text12                              141      141       45        8       0
                text11                              512      512        8        8       0
                text10                              50A      50A        8        8       0
                text9                               502      502        8        8       0
                text8                               4FA      4FA        8        8       0
                text7                               4F2      4F2        8        8       0
                text6                               4EA      4EA        8        8       0
                text5                               591      591        3        8       0
                text4                               5A2      5A2        2        8       0
                text3                               5A0      5A0        2        8       0
                text2                               58E      58E        3        8       0
                text1                               30E      30E       22        8       0
                maintext                             DA       DA       67        8       0
                cstackBANK0                          20       20       1E       20       1
                cstackCOMMON                         70       70        9       70       1
                clrtext                             4A0      4A0        C        8       0
                dataBANK0                            4A       4A        2       20       1
                bssBANK0                             3E       3E        8       20       1
                nvBANK0                              46       46        4       20       1
                nvCOMMON                             79       79        4       70       1

TOTAL           Name                               Link     Load   Length     Space
        CLASS   STACK          

        CLASS   CODE           
                end_init                             16       16        1         0
                cinit                                17       17       17         0
                intentry                              4        4       12         0
                reset_vec                             0        0        1         0
                text81                              5BB      5BB        1         0
                text80                              5BA      5BA        1         0
                text79                              493      493        D         0
                text78                              532      532        8         0
                text77                              58A      58A        4         0
                text76                              4C3      4C3        B         0
                text75                              55D      55D        7         0
                text74                              556      556        7         0
                text73                              57D      57D        5         0
                text72                              5B6      5B6        2         0
                text71                              578      578        5         0
                text70                              5B4      5B4        2         0
                text69                              573      573        5         0
                text68                              5B2      5B2        2         0
                text67                              59D      59D        3         0
                text66                              5B0      5B0        2         0
                text65                              5AE      5AE        2         0
                text64                              586      586        4         0
                text63                              45E      45E       14         0
                text62                              186      186       45         0
                text61                              5B9      5B9        1         0
                text60                              4AC      4AC        C         0
                text59                              54F      54F        7         0
                text58                              5B8      5B8        1         0
                text57                              4CE      4CE        A         0
                text56                              485      485        E         0
                text55                              548      548        7         0
                text53                              4E1      4E1        9         0
                text52                              4B8      4B8        B         0
                text51                              541      541        7         0
                text50                              56E      56E        5         0
                text49                              569      569        5         0
                text48                              29A      29A       29         0
                text47                              44A      44A       14         0
                text46                              472      472       13         0
                text45                              436      436       14         0
                text44                              564      564        5         0
                text43                              3F4      3F4       17         0
                text42                              582      582        4         0
                text41                              4D8      4D8        9         0
                text40                              370      370       1D         0
                text39                              53A      53A        7         0
                text38                               2E       2E       AC         0
                text37                              3DC      3DC       18         0
                text36                              3C4      3C4       18         0
                text35                              52A      52A        8         0
                text34                              5AC      5AC        2         0
                text33                              522      522        8         0
                text32                              5AA      5AA        2         0
                text31                              51A      51A        8         0
                text30                              5A8      5A8        2         0
                text29                              38D      38D       1C         0
                text28                              2C3      2C3       26         0
                text27                              59A      59A        3         0
                text26                              5A6      5A6        2         0
                text25                              5A4      5A4        2         0
                text24                              597      597        3         0
                text23                              40B      40B       16         0
                text22                              1CB      1CB       35         0
                text21                              330      330       21         0
                text20                              3A9      3A9       1B         0
                text19                              2E9      2E9       25         0
                text18                              234      234       34         0
                text17                              268      268       32         0
                text16                              200      200       34         0
                text15                              351      351       1F         0
                text14                              594      594        3         0
                text13                              421      421       15         0
                text12                              141      141       45         0
                text11                              512      512        8         0
                text10                              50A      50A        8         0
                text9                               502      502        8         0
                text8                               4FA      4FA        8         0
                text7                               4F2      4F2        8         0
                text6                               4EA      4EA        8         0
                text5                               591      591        3         0
                text4                               5A2      5A2        2         0
                text3                               5A0      5A0        2         0
                text2                               58E      58E        3         0
                text1                               30E      30E       22         0
                maintext                             DA       DA       67         0
                clrtext                             4A0      4A0        C         0

        CLASS   STRCODE        

        CLASS   STRING         

        CLASS   CONST          

        CLASS   ENTRY          

        CLASS   COMMON         
                cstackCOMMON                         70       70        9         1
                nvCOMMON                             79       79        4         1

        CLASS   BANK0          
                cstackBANK0                          20       20       1E         1
                dataBANK0                            4A       4A        2         1
                bssBANK0                             3E       3E        8         1
                nvBANK0                              46       46        4         1

        CLASS   BANK1          

        CLASS   BANK2          

        CLASS   BIGRAM         

        CLASS   RAM            

        CLASS   ABS1           
                abs_s1                               7E       7E        2         1
                abs_s1                               DC       DC       14         1
                abs_s1                              120      120       50         1
                abs_s1                             208C     208C        0         1

        CLASS   SFR0           

        CLASS   SFR1           

        CLASS   SFR2           

        CLASS   SFR3           

        CLASS   SFR4           

        CLASS   SFR5           

        CLASS   SFR6           

        CLASS   SFR7           

        CLASS   SFR8           

        CLASS   SFR9           

        CLASS   SFR10          

        CLASS   SFR11          

        CLASS   SFR12          

        CLASS   SFR13          

        CLASS   SFR14          

        CLASS   SFR15          

        CLASS   SFR16          

        CLASS   SFR17          

        CLASS   SFR18          

        CLASS   SFR19          

        CLASS   SFR20          

        CLASS   SFR21          

        CLASS   SFR22          

        CLASS   SFR23          

        CLASS   SFR24          

        CLASS   SFR25          

        CLASS   SFR26          

        CLASS   SFR27          

        CLASS   SFR28          

        CLASS   SFR29          

        CLASS   SFR30          

        CLASS   SFR31          

        CLASS   CONFIG         
                config                             8007     8007        2         0

        CLASS   IDLOC          

        CLASS   BANK31         

        CLASS   BANK30         

        CLASS   BANK29         

        CLASS   BANK28         

        CLASS   BANK27         

        CLASS   BANK26         

        CLASS   BANK25         

        CLASS   BANK24         

        CLASS   BANK23         

        CLASS   BANK22         

        CLASS   BANK21         

        CLASS   BANK20         

        CLASS   BANK19         

        CLASS   BANK18         

        CLASS   BANK17         

        CLASS   BANK16         

        CLASS   BANK15         

        CLASS   BANK14         

        CLASS   BANK13         

        CLASS   BANK12         

        CLASS   BANK11         

        CLASS   BANK10         

        CLASS   BANK9          

        CLASS   BANK8          

        CLASS   BANK7          

        CLASS   BANK6          

        CLASS   BANK5          

        CLASS   BANK4          

        CLASS   BANK3          

        CLASS   EEDATA         



SEGMENTS        Name                           Load    Length   Top    Selector   Space  Class     Delta

                reset_vec                      000000  000001  000001         0       0  CODE        2
                intentry                       000004  0005B8  0005BC         8       0  CODE        2
                cstackBANK0                    000020  00002C  00004C        20       1  BANK0       1
                cstackCOMMON                   000070  00000D  00007D        70       1  COMMON      1
                config                         008007  000002  008009     1000E       0  CONFIG      2


UNUSED ADDRESS RANGES

        Name                Unused          Largest block    Delta
        BANK0            0004C-0006F              24           1
        BANK1            000A0-000DB              3C           1
        BIGRAM           02000-020EF              F0           1
        CODE             00001-00003               3           2
                         005BC-007FF             244
        COMMON           0007D-0007D               1           1
        CONST            00001-00003               3           2
                         005BC-007FF             100
        ENTRY            00001-00003               3           2
                         005BC-007FF             100
        IDLOC            08000-08003               4           2
        RAM              0004C-0006F              24           1
                         000A0-000DB              3C
        SFR0             00000-0001F              20           1
        SFR1             00080-0009F              20           1
        SFR10            00500-0056F              70           1
        SFR11            00580-005EF              70           1
        SFR12            00600-0066F              70           1
        SFR13            00680-006EF              70           1
        SFR14            00700-0076F              70           1
        SFR15            00780-007EF              70           1
        SFR16            00800-0086F              70           1
        SFR17            00880-008EF              70           1
        SFR18            00900-0096F              70           1
        SFR19            00980-009EF              70           1
        SFR2             00100-0011F              20           1
        SFR20            00A00-00A6F              70           1
        SFR21            00A80-00AEF              70           1
        SFR22            00B00-00B6F              70           1
        SFR23            00B80-00BEF              70           1
        SFR24            00C00-00C6F              70           1
        SFR25            00C80-00CEF              70           1
        SFR26            00D00-00D6F              70           1
        SFR27            00D80-00DEF              70           1
        SFR28            00E00-00E6F              70           1
        SFR29            00E80-00EEF              70           1
        SFR3             00180-001EF              70           1
        SFR30            00F00-00F6F              70           1
        SFR31            00F80-00FEF              70           1
        SFR4             00200-0026F              70           1
        SFR5             00280-002EF              70           1
        SFR6             00300-0036F              70           1
        SFR7             00380-003EF              70           1
        SFR8             00400-0046F              70           1
        SFR9             00480-004EF              70           1
        STACK            0202C-0208B              60           1
        STRCODE          00001-00003               3           2
                         005BC-007FF             244
        STRING           00001-00003               3           2
                         005BC-007FF             100

                                  Symbol Table

?_ADC1_GetConversion                        cstackBANK0  00020
?___lmul                                    cstackBANK0  00020
?___wmul                                    cstackBANK0  00020
?_rand                                      cstackBANK0  0002C
ADC1_GetConversion@channel                  cstackBANK0  00023
EUSART_Write@txData                         cstackCOMMON 00070
IOCAF0_SetInterruptHandler@InterruptHandler cstackBANK0  00020
IOCAF5_SetInterruptHandler@InterruptHandler cstackBANK0  00020
PL10                                        text38       000D1
PL12                                        text38       000D6
PL2                                         text17       00290
PL4                                         text12       0017F
PL6                                         text38       000CA
PL8                                         text20       003BD
PWM1_DutyCycleSet@dutyCycleCount            cstackBANK0  00020
PWM1_PeriodSet@periodCount                  cstackBANK0  00020
PWM1_PhaseSet@phaseCount                    cstackBANK0  00020
PWM2_DutyCycleSet@dutyCycleCount            cstackBANK0  00020
PWM2_PeriodSet@periodCount                  cstackBANK0  00020
PWM2_PhaseSet@phaseCount                    cstackBANK0  00020
PWM3_DutyCycleSet@dutyCycleCount            cstackBANK0  00020
PWM3_PeriodSet@periodCount                  cstackBANK0  00020
PWM3_PhaseSet@phaseCount                    cstackBANK0  00020
TMR1_SetInterruptHandler@InterruptHandler   cstackBANK0  00020
TMR1_WriteTimer@timerVal                    cstackCOMMON 00070
_ADC1_GetConversion                         text40       00370
_ADC1_Initialize                            text53       004E1
_ADCON0                                     (abs)        0009D
_ADCON0bits                                 (abs)        0009D
_ADCON1                                     (abs)        0009E
_ADCON2                                     (abs)        0009F
_ADRESH                                     (abs)        0009C
_ADRESL                                     (abs)        0009B
_ANSELA                                     (abs)        0018C
_APFCON                                     (abs)        0011D
_BAUDCON                                    (abs)        0019F
_BORCON                                     (abs)        00116
_EUSART_Initialize                          text52       004B8
_EUSART_Write                               text78       00532
_EUSART_is_tx_done                          text77       0058A
_EUSART_is_tx_ready                         text76       004C3
_EUSART_is_tx_ready$373                     cstackCOMMON 00070
_INTCONbits                                 (abs)        0000B
_INTERRUPT_InterruptManager                 intentry     00004
_IOCAF0_DefaultInterruptHandler             text80       005BA
_IOCAF0_ISR                                 text79       00493
_IOCAF0_InterruptHandler                    nvBANK0      00048
_IOCAF0_SetInterruptHandler                 text50       0056E
_IOCAF5_DefaultInterruptHandler             text61       005B9
_IOCAF5_ISR                                 text60       004AC
_IOCAF5_InterruptHandler                    nvCOMMON     0007B
_IOCAF5_SetInterruptHandler                 text49       00569
_IOCAFbits                                  (abs)        00393
_IOCANbits                                  (abs)        00392
_IOCAPbits                                  (abs)        00391
_LATA                                       (abs)        0010C
_ODCONA                                     (abs)        0028C
_OPTION_REGbits                             (abs)        00095
_OSCCON                                     (abs)        00099
_OSCILLATOR_Initialize                      text51       00541
_OSCTUNE                                    (abs)        00098
_PIE1bits                                   (abs)        00091
_PIN_MANAGER_IOC                            text59       0054F
_PIN_MANAGER_Initialize                     text48       0029A
_PIR1bits                                   (abs)        00011
_PORTAbits                                  (abs)        0000C
_PWM1CLKCON                                 (abs)        00D9E
_PWM1CON                                    (abs)        00D9B
_PWM1CONbits                                (abs)        00D9B
_PWM1DCH                                    (abs)        00D94
_PWM1DCL                                    (abs)        00D93
_PWM1INTE                                   (abs)        00D9C
_PWM1INTF                                   (abs)        00D9D
_PWM1LDCON                                  (abs)        00D9F
_PWM1LDCONbits                              (abs)        00D9F
_PWM1OFCON                                  (abs)        00DA0
_PWM1OFH                                    (abs)        00D98
_PWM1OFL                                    (abs)        00D97
_PWM1PHH                                    (abs)        00D92
_PWM1PHL                                    (abs)        00D91
_PWM1PRH                                    (abs)        00D96
_PWM1PRL                                    (abs)        00D95
_PWM1TMRH                                   (abs)        00D9A
_PWM1TMRL                                   (abs)        00D99
_PWM1_DutyCycleSet                          text35       0052A
_PWM1_Initialize                            text47       0044A
_PWM1_LoadBufferSet                         text34       005AC
_PWM1_PeriodSet                             text11       00512
_PWM1_PhaseSet                              text10       0050A
_PWM1_Start                                 text27       0059A
_PWM1_Stop                                  text5        00591
_PWM2CLKCON                                 (abs)        00DAE
_PWM2CON                                    (abs)        00DAB
_PWM2CONbits                                (abs)        00DAB
_PWM2DCH                                    (abs)        00DA4
_PWM2DCL                                    (abs)        00DA3
_PWM2INTE                                   (abs)        00DAC
_PWM2INTF                                   (abs)        00DAD
_PWM2LDCON                                  (abs)        00DAF
_PWM2LDCONbits                              (abs)        00DAF
_PWM2OFCON                                  (abs)        00DB0
_PWM2OFH                                    (abs)        00DA8
_PWM2OFL                                    (abs)        00DA7
_PWM2PHH                                    (abs)        00DA2
_PWM2PHL                                    (abs)        00DA1
_PWM2PRH                                    (abs)        00DA6
_PWM2PRL                                    (abs)        00DA5
_PWM2TMRH                                   (abs)        00DAA
_PWM2TMRL                                   (abs)        00DA9
_PWM2_DutyCycleSet                          text33       00522
_PWM2_Initialize                            text46       00472
_PWM2_LoadBufferSet                         text32       005AA
_PWM2_PeriodSet                             text9        00502
_PWM2_PhaseSet                              text8        004FA
_PWM2_Start                                 text26       005A6
_PWM2_Stop                                  text4        005A2
_PWM3CLKCON                                 (abs)        00DBE
_PWM3CON                                    (abs)        00DBB
_PWM3CONbits                                (abs)        00DBB
_PWM3DCH                                    (abs)        00DB4
_PWM3DCL                                    (abs)        00DB3
_PWM3INTE                                   (abs)        00DBC
_PWM3INTF                                   (abs)        00DBD
_PWM3LDCON                                  (abs)        00DBF
_PWM3LDCONbits                              (abs)        00DBF
_PWM3OFCON                                  (abs)        00DC0
_PWM3OFH                                    (abs)        00DB8
_PWM3OFL                                    (abs)        00DB7
_PWM3PHH                                    (abs)        00DB2
_PWM3PHL                                    (abs)        00DB1
_PWM3PRH                                    (abs)        00DB6
_PWM3PRL                                    (abs)        00DB5
_PWM3TMRH                                   (abs)        00DBA
_PWM3TMRL                                   (abs)        00DB9
_PWM3_DutyCycleSet                          text31       0051A
_PWM3_Initialize                            text45       00436
_PWM3_LoadBufferSet                         text30       005A8
_PWM3_PeriodSet                             text7        004F2
_PWM3_PhaseSet                              text6        004EA
_PWM3_Start                                 text25       005A4
_PWM3_Stop                                  text3        005A0
_RCSTA                                      (abs)        0019D
_RCSTAbits                                  (abs)        0019D
_SLRCONA                                    (abs)        0030C
_SPBRGH                                     (abs)        0019C
_SPBRGL                                     (abs)        0019B
_SYSTEM_Initialize                          text41       004D8
_T1CON                                      (abs)        00018
_T1CONbits                                  (abs)        00018
_T1GCON                                     (abs)        00019
_TMR1H                                      (abs)        00017
_TMR1L                                      (abs)        00016
_TMR1_CallBack                              text57       004CE
_TMR1_DefaultInterruptHandler               text58       005B8
_TMR1_ISR                                   text55       00548
_TMR1_Initialize                            text43       003F4
_TMR1_InterruptHandler                      nvBANK0      00046
_TMR1_SetInterruptHandler                   text44       00564
_TMR1_WriteTimer                            text56       00485
_TRISA                                      (abs)        0008C
_TXREG                                      (abs)        0019A
_TXSTA                                      (abs)        0019E
_TXSTAbits                                  (abs)        0019E
_WDTCON                                     (abs)        00097
_WDT_Initialize                             text42       00582
_WPUA                                       (abs)        0020C
__CFG_BOREN$ON                              (abs)        00000
__CFG_BORV$LO                               (abs)        00000
__CFG_CLKOUTEN$OFF                          (abs)        00000
__CFG_CP$OFF                                (abs)        00000
__CFG_FOSC$INTOSC                           (abs)        00000
__CFG_LPBOREN$OFF                           (abs)        00000
__CFG_LVP$OFF                               (abs)        00000
__CFG_MCLRE$OFF                             (abs)        00000
__CFG_PLLEN$OFF                             (abs)        00000
__CFG_PWRTE$OFF                             (abs)        00000
__CFG_STVREN$ON                             (abs)        00000
__CFG_WDTE$OFF                              (abs)        00000
__CFG_WRT$OFF                               (abs)        00000
__Habs1                                     abs1         00000
__Hbank0                                    bank0        00000
__Hbank1                                    bank1        00000
__Hbank10                                   bank10       00000
__Hbank11                                   bank11       00000
__Hbank12                                   bank12       00000
__Hbank13                                   bank13       00000
__Hbank14                                   bank14       00000
__Hbank15                                   bank15       00000
__Hbank16                                   bank16       00000
__Hbank17                                   bank17       00000
__Hbank18                                   bank18       00000
__Hbank19                                   bank19       00000
__Hbank2                                    bank2        00000
__Hbank20                                   bank20       00000
__Hbank21                                   bank21       00000
__Hbank22                                   bank22       00000
__Hbank23                                   bank23       00000
__Hbank24                                   bank24       00000
__Hbank25                                   bank25       00000
__Hbank26                                   bank26       00000
__Hbank27                                   bank27       00000
__Hbank28                                   bank28       00000
__Hbank29                                   bank29       00000
__Hbank3                                    bank3        00000
__Hbank30                                   bank30       00000
__Hbank31                                   bank31       00000
__Hbank4                                    bank4        00000
__Hbank5                                    bank5        00000
__Hbank6                                    bank6        00000
__Hbank7                                    bank7        00000
__Hbank8                                    bank8        00000
__Hbank9                                    bank9        00000
__Hbigram                                   bigram       00000
__HbssBANK0                                 bssBANK0     00000
__Hcinit                                    cinit        0002E
__Hclrtext                                  clrtext      00000
__Hcode                                     code         00000
__Hcommon                                   common       00000
__Hconfig                                   config       08009
__HcstackBANK0                              cstackBANK0  00000
__HcstackCOMMON                             cstackCOMMON 00000
__HdataBANK0                                dataBANK0    00000
__Heeprom_data                              eeprom_data  00000
__Hend_init                                 end_init     00017
__Hfunctab                                  functab      00000
__HidataBANK0                               idataBANK0   00000
__Hidloc                                    idloc        00000
__Hinit                                     init         00016
__Hintentry                                 intentry     00016
__Hmaintext                                 maintext     00000
__HnvBANK0                                  nvBANK0      00000
__HnvCOMMON                                 nvCOMMON     00000
__Hpa_nodes0                                pa_nodes0    00000
__Hpowerup                                  powerup      00000
__Hram                                      ram          00000
__Hreset_vec                                reset_vec    00001
__Hsfr0                                     sfr0         00000
__Hsfr1                                     sfr1         00000
__Hsfr10                                    sfr10        00000
__Hsfr11                                    sfr11        00000
__Hsfr12                                    sfr12        00000
__Hsfr13                                    sfr13        00000
__Hsfr14                                    sfr14        00000
__Hsfr15                                    sfr15        00000
__Hsfr16                                    sfr16        00000
__Hsfr17                                    sfr17        00000
__Hsfr18                                    sfr18        00000
__Hsfr19                                    sfr19        00000
__Hsfr2                                     sfr2         00000
__Hsfr20                                    sfr20        00000
__Hsfr21                                    sfr21        00000
__Hsfr22                                    sfr22        00000
__Hsfr23                                    sfr23        00000
__Hsfr24                                    sfr24        00000
__Hsfr25                                    sfr25        00000
__Hsfr26                                    sfr26        00000
__Hsfr27                                    sfr27        00000
__Hsfr28                                    sfr28        00000
__Hsfr29                                    sfr29        00000
__Hsfr3                                     sfr3         00000
__Hsfr30                                    sfr30        00000
__Hsfr31                                    sfr31        00000
__Hsfr4                                     sfr4         00000
__Hsfr5                                     sfr5         00000
__Hsfr6                                     sfr6         00000
__Hsfr7                                     sfr7         00000
__Hsfr8                                     sfr8         00000
__Hsfr9                                     sfr9         00000
__Hspace_0                                  (abs)        08009
__Hspace_1                                  (abs)        0007D
__Hspace_2                                  (abs)        00000
__Hspace_3                                  (abs)        00000
__Hstack                                    stack        00000
__Hstrings                                  strings      00000
__Htext                                     text         00000
__Labs1                                     abs1         00000
__Lbank0                                    bank0        00000
__Lbank1                                    bank1        00000
__Lbank10                                   bank10       00000
__Lbank11                                   bank11       00000
__Lbank12                                   bank12       00000
__Lbank13                                   bank13       00000
__Lbank14                                   bank14       00000
__Lbank15                                   bank15       00000
__Lbank16                                   bank16       00000
__Lbank17                                   bank17       00000
__Lbank18                                   bank18       00000
__Lbank19                                   bank19       00000
__Lbank2                                    bank2        00000
__Lbank20                                   bank20       00000
__Lbank21                                   bank21       00000
__Lbank22                                   bank22       00000
__Lbank23                                   bank23       00000
__Lbank24                                   bank24       00000
__Lbank25                                   bank25       00000
__Lbank26                                   bank26       00000
__Lbank27                                   bank27       00000
__Lbank28                                   bank28       00000
__Lbank29                                   bank29       00000
__Lbank3                                    bank3        00000
__Lbank30                                   bank30       00000
__Lbank31                                   bank31       00000
__Lbank4                                    bank4        00000
__Lbank5                                    bank5        00000
__Lbank6                                    bank6        00000
__Lbank7                                    bank7        00000
__Lbank8                                    bank8        00000
__Lbank9                                    bank9        00000
__Lbigram                                   bigram       00000
__LbssBANK0                                 bssBANK0     00000
__Lcinit                                    cinit        00017
__Lclrtext                                  clrtext      00000
__Lcode                                     code         00000
__Lcommon                                   common       00000
__Lconfig                                   config       08007
__LcstackBANK0                              cstackBANK0  00000
__LcstackCOMMON                             cstackCOMMON 00000
__LdataBANK0                                dataBANK0    00000
__Leeprom_data                              eeprom_data  00000
__Lend_init                                 end_init     00016
__Lfunctab                                  functab      00000
__LidataBANK0                               idataBANK0   00000
__Lidloc                                    idloc        00000
__Linit                                     init         00016
__Lintentry                                 intentry     00004
__Lmaintext                                 maintext     00000
__LnvBANK0                                  nvBANK0      00000
__LnvCOMMON                                 nvCOMMON     00000
__Lpa_nodes0                                pa_nodes0    00000
__Lpowerup                                  powerup      00000
__Lram                                      ram          00000
__Lreset_vec                                reset_vec    00000
__Lsfr0                                     sfr0         00000
__Lsfr1                                     sfr1         00000
__Lsfr10                                    sfr10        00000
__Lsfr11                                    sfr11        00000
__Lsfr12                                    sfr12        00000
__Lsfr13                                    sfr13        00000
__Lsfr14                                    sfr14        00000
__Lsfr15                                    sfr15        00000
__Lsfr16                                    sfr16        00000
__Lsfr17                                    sfr17        00000
__Lsfr18                                    sfr18        00000
__Lsfr19                                    sfr19        00000
__Lsfr2                                     sfr2         00000
__Lsfr20                                    sfr20        00000
__Lsfr21                                    sfr21        00000
__Lsfr22                                    sfr22        00000
__Lsfr23                                    sfr23        00000
__Lsfr24                                    sfr24        00000
__Lsfr25                                    sfr25        00000
__Lsfr26                                    sfr26        00000
__Lsfr27                                    sfr27        00000
__Lsfr28                                    sfr28        00000
__Lsfr29                                    sfr29        00000
__Lsfr3                                     sfr3         00000
__Lsfr30                                    sfr30        00000
__Lsfr31                                    sfr31        00000
__Lsfr4                                     sfr4         00000
__Lsfr5                                     sfr5         00000
__Lsfr6                                     sfr6         00000
__Lsfr7                                     sfr7         00000
__Lsfr8                                     sfr8         00000
__Lsfr9                                     sfr9         00000
__Lspace_0                                  (abs)        00000
__Lspace_1                                  (abs)        00000
__Lspace_2                                  (abs)        00000
__Lspace_3                                  (abs)        00000
__Lstack                                    stack        00000
__Lstrings                                  strings      00000
__Ltext                                     text         00000
__S0                                        (abs)        08009
__S1                                        (abs)        0007D
__S2                                        (abs)        00000
___int_sp                                   stack        00000
___latbits                                  (abs)        00000
___lbdiv                                    text37       003DC
___lbdiv@counter                            cstackBANK0  00022
___lbdiv@dividend                           cstackBANK0  00021
___lbdiv@divisor                            cstackBANK0  00020
___lbdiv@quotient                           cstackBANK0  00023
___lbmod                                    text36       003C4
___lbmod@counter                            cstackBANK0  00023
___lbmod@dividend                           cstackBANK0  00022
___lbmod@divisor                            cstackBANK0  00020
___lbmod@rem                                cstackBANK0  00024
___lmul                                     text19       002E9
___lmul@multiplicand                        cstackBANK0  00024
___lmul@multiplier                          cstackBANK0  00020
___lmul@product                             cstackBANK0  00028
___sp                                       stack        00000
___wmul                                     text13       00421
___wmul@multiplicand                        cstackBANK0  00022
___wmul@multiplier                          cstackBANK0  00020
___wmul@product                             cstackBANK0  00024
__end_ofPL10                                text38       000D6
__end_ofPL12                                text38       000DA
__end_ofPL2                                 text17       0029A
__end_ofPL4                                 text12       00186
__end_ofPL6                                 text38       000D1
__end_ofPL8                                 text20       003C4
__end_of_ADC1_GetConversion                 text40       0038D
__end_of_ADC1_Initialize                    text53       004EA
__end_of_EUSART_Initialize                  text52       004C3
__end_of_EUSART_Write                       text78       0053A
__end_of_EUSART_is_tx_done                  text77       0058E
__end_of_EUSART_is_tx_ready                 text76       004CE
__end_of_INTERRUPT_InterruptManager         intentry     00016
__end_of_IOCAF0_DefaultInterruptHandler     text80       005BB
__end_of_IOCAF0_ISR                         text79       004A0
__end_of_IOCAF0_SetInterruptHandler         text50       00573
__end_of_IOCAF5_DefaultInterruptHandler     text61       005BA
__end_of_IOCAF5_ISR                         text60       004B8
__end_of_IOCAF5_SetInterruptHandler         text49       0056E
__end_of_OSCILLATOR_Initialize              text51       00548
__end_of_PIN_MANAGER_IOC                    text59       00556
__end_of_PIN_MANAGER_Initialize             text48       002C3
__end_of_PWM1_DutyCycleSet                  text35       00532
__end_of_PWM1_Initialize                    text47       0045E
__end_of_PWM1_LoadBufferSet                 text34       005AE
__end_of_PWM1_PeriodSet                     text11       0051A
__end_of_PWM1_PhaseSet                      text10       00512
__end_of_PWM1_Start                         text27       0059D
__end_of_PWM1_Stop                          text5        00594
__end_of_PWM2_DutyCycleSet                  text33       0052A
__end_of_PWM2_Initialize                    text46       00485
__end_of_PWM2_LoadBufferSet                 text32       005AC
__end_of_PWM2_PeriodSet                     text9        0050A
__end_of_PWM2_PhaseSet                      text8        00502
__end_of_PWM2_Start                         text26       005A8
__end_of_PWM2_Stop                          text4        005A4
__end_of_PWM3_DutyCycleSet                  text31       00522
__end_of_PWM3_Initialize                    text45       0044A
__end_of_PWM3_LoadBufferSet                 text30       005AA
__end_of_PWM3_PeriodSet                     text7        004FA
__end_of_PWM3_PhaseSet                      text6        004F2
__end_of_PWM3_Start                         text25       005A6
__end_of_PWM3_Stop                          text3        005A2
__end_of_SYSTEM_Initialize                  text41       004E1
__end_of_TMR1_CallBack                      text57       004D8
__end_of_TMR1_DefaultInterruptHandler       text58       005B9
__end_of_TMR1_ISR                           text55       0054F
__end_of_TMR1_Initialize                    text43       0040B
__end_of_TMR1_SetInterruptHandler           text44       00569
__end_of_TMR1_WriteTimer                    text56       00493
__end_of_WDT_Initialize                     text42       00586
__end_of___lbdiv                            text37       003F4
__end_of___lbmod                            text36       003DC
__end_of___lmul                             text19       0030E
__end_of___wmul                             text13       00436
__end_of__initialization                    cinit        0002B
__end_of_buttonHandler                      text81       005BC
__end_of_checkButtons                       text38       000CA
__end_of_connectHandler                     text62       001CB
__end_of_disableSerial                      text39       00541
__end_of_enableSerial                       text75       00564
__end_of_flashValue                         text22       00200
__end_of_flashit                            text28       002E9
__end_of_game_check_it                      text15       00370
__end_of_game_initialise                    text17       00290
__end_of_game_topscore                      text14       00597
__end_of_machine_led_flash                  text21       00351
__end_of_machine_notify_user                text12       0017F
__end_of_machine_warn_user                  text16       00234
__end_of_main                               maintext     00141
__end_of_new_level                          text20       003BD
__end_of_rand                               text18       00268
__end_of_setLED                             text29       003A9
__end_of_setLEDs                            text23       00421
__end_of_setupLEDs                          text1        00330
__end_of_startLEDs                          text24       0059A
__end_of_stopLEDs                           text2        00591
__end_ofi1_PWM1_DutyCycleSet                text73       00582
__end_ofi1_PWM1_LoadBufferSet               text72       005B8
__end_ofi1_PWM1_Start                       text67       005A0
__end_ofi1_PWM2_DutyCycleSet                text71       0057D
__end_ofi1_PWM2_LoadBufferSet               text70       005B6
__end_ofi1_PWM2_Start                       text66       005B2
__end_ofi1_PWM3_DutyCycleSet                text69       00578
__end_ofi1_PWM3_LoadBufferSet               text68       005B4
__end_ofi1_PWM3_Start                       text65       005B0
__end_ofi1_disableSerial                    text74       0055D
__end_ofi1_setLEDs                          text63       00472
__end_ofi1_startLEDs                        text64       0058A
__initialization                            cinit        00017
__pbssBANK0                                 bssBANK0     0003E
__pbssBIGRAM                                (abs)        0208C
__pcstackBANK0                              cstackBANK0  00020
__pcstackCOMMON                             cstackCOMMON 00070
__pdataBANK0                                dataBANK0    0004A
__pidataBANK0                               idataBANK0   00000
__pintentry                                 intentry     00004
__pmaintext                                 maintext     000DA
__pnvBANK0                                  nvBANK0      00046
__pnvCOMMON                                 nvCOMMON     00079
__ptext1                                    text1        0030E
__ptext10                                   text10       0050A
__ptext11                                   text11       00512
__ptext12                                   text12       00141
__ptext13                                   text13       00421
__ptext14                                   text14       00594
__ptext15                                   text15       00351
__ptext16                                   text16       00200
__ptext17                                   text17       00268
__ptext18                                   text18       00234
__ptext19                                   text19       002E9
__ptext2                                    text2        0058E
__ptext20                                   text20       003A9
__ptext21                                   text21       00330
__ptext22                                   text22       001CB
__ptext23                                   text23       0040B
__ptext24                                   text24       00597
__ptext25                                   text25       005A4
__ptext26                                   text26       005A6
__ptext27                                   text27       0059A
__ptext28                                   text28       002C3
__ptext29                                   text29       0038D
__ptext3                                    text3        005A0
__ptext30                                   text30       005A8
__ptext31                                   text31       0051A
__ptext32                                   text32       005AA
__ptext33                                   text33       00522
__ptext34                                   text34       005AC
__ptext35                                   text35       0052A
__ptext36                                   text36       003C4
__ptext37                                   text37       003DC
__ptext38                                   text38       0002E
__ptext39                                   text39       0053A
__ptext4                                    text4        005A2
__ptext40                                   text40       00370
__ptext41                                   text41       004D8
__ptext42                                   text42       00582
__ptext43                                   text43       003F4
__ptext44                                   text44       00564
__ptext45                                   text45       00436
__ptext46                                   text46       00472
__ptext47                                   text47       0044A
__ptext48                                   text48       0029A
__ptext49                                   text49       00569
__ptext5                                    text5        00591
__ptext50                                   text50       0056E
__ptext51                                   text51       00541
__ptext52                                   text52       004B8
__ptext53                                   text53       004E1
__ptext55                                   text55       00548
__ptext56                                   text56       00485
__ptext57                                   text57       004CE
__ptext58                                   text58       005B8
__ptext59                                   text59       0054F
__ptext6                                    text6        004EA
__ptext60                                   text60       004AC
__ptext61                                   text61       005B9
__ptext62                                   text62       00186
__ptext63                                   text63       0045E
__ptext64                                   text64       00586
__ptext65                                   text65       005AE
__ptext66                                   text66       005B0
__ptext67                                   text67       0059D
__ptext68                                   text68       005B2
__ptext69                                   text69       00573
__ptext7                                    text7        004F2
__ptext70                                   text70       005B4
__ptext71                                   text71       00578
__ptext72                                   text72       005B6
__ptext73                                   text73       0057D
__ptext74                                   text74       00556
__ptext75                                   text75       0055D
__ptext76                                   text76       004C3
__ptext77                                   text77       0058A
__ptext78                                   text78       00532
__ptext79                                   text79       00493
__ptext8                                    text8        004FA
__ptext80                                   text80       005BA
__ptext81                                   text81       005BB
__ptext9                                    text9        00502
__size_of_ADC1_GetConversion                (abs)        00000
__size_of_ADC1_Initialize                   (abs)        00000
__size_of_EUSART_Initialize                 (abs)        00000
__size_of_EUSART_Write                      (abs)        00000
__size_of_EUSART_is_tx_done                 (abs)        00000
__size_of_EUSART_is_tx_ready                (abs)        00000
__size_of_INTERRUPT_InterruptManager        (abs)        00000
__size_of_IOCAF0_DefaultInterruptHandler    (abs)        00000
__size_of_IOCAF0_ISR                        (abs)        00000
__size_of_IOCAF0_SetInterruptHandler        (abs)        00000
__size_of_IOCAF5_DefaultInterruptHandler    (abs)        00000
__size_of_IOCAF5_ISR                        (abs)        00000
__size_of_IOCAF5_SetInterruptHandler        (abs)        00000
__size_of_OSCILLATOR_Initialize             (abs)        00000
__size_of_PIN_MANAGER_IOC                   (abs)        00000
__size_of_PIN_MANAGER_Initialize            (abs)        00000
__size_of_PWM1_DutyCycleSet                 (abs)        00000
__size_of_PWM1_Initialize                   (abs)        00000
__size_of_PWM1_LoadBufferSet                (abs)        00000
__size_of_PWM1_PeriodSet                    (abs)        00000
__size_of_PWM1_PhaseSet                     (abs)        00000
__size_of_PWM1_Start                        (abs)        00000
__size_of_PWM1_Stop                         (abs)        00000
__size_of_PWM2_DutyCycleSet                 (abs)        00000
__size_of_PWM2_Initialize                   (abs)        00000
__size_of_PWM2_LoadBufferSet                (abs)        00000
__size_of_PWM2_PeriodSet                    (abs)        00000
__size_of_PWM2_PhaseSet                     (abs)        00000
__size_of_PWM2_Start                        (abs)        00000
__size_of_PWM2_Stop                         (abs)        00000
__size_of_PWM3_DutyCycleSet                 (abs)        00000
__size_of_PWM3_Initialize                   (abs)        00000
__size_of_PWM3_LoadBufferSet                (abs)        00000
__size_of_PWM3_PeriodSet                    (abs)        00000
__size_of_PWM3_PhaseSet                     (abs)        00000
__size_of_PWM3_Start                        (abs)        00000
__size_of_PWM3_Stop                         (abs)        00000
__size_of_SYSTEM_Initialize                 (abs)        00000
__size_of_TMR1_CallBack                     (abs)        00000
__size_of_TMR1_DefaultInterruptHandler      (abs)        00000
__size_of_TMR1_ISR                          (abs)        00000
__size_of_TMR1_Initialize                   (abs)        00000
__size_of_TMR1_SetInterruptHandler          (abs)        00000
__size_of_TMR1_WriteTimer                   (abs)        00000
__size_of_WDT_Initialize                    (abs)        00000
__size_of___lbdiv                           (abs)        00000
__size_of___lbmod                           (abs)        00000
__size_of___lmul                            (abs)        00000
__size_of___wmul                            (abs)        00000
__size_of_buttonHandler                     (abs)        00000
__size_of_checkButtons                      (abs)        00000
__size_of_connectHandler                    (abs)        00000
__size_of_disableSerial                     (abs)        00000
__size_of_enableSerial                      (abs)        00000
__size_of_flashValue                        (abs)        00000
__size_of_flashit                           (abs)        00000
__size_of_game_check_it                     (abs)        00000
__size_of_game_initialise                   (abs)        00000
__size_of_game_topscore                     (abs)        00000
__size_of_machine_led_flash                 (abs)        00000
__size_of_machine_notify_user               (abs)        00000
__size_of_machine_warn_user                 (abs)        00000
__size_of_main                              (abs)        00000
__size_of_new_level                         (abs)        00000
__size_of_rand                              (abs)        00000
__size_of_setLED                            (abs)        00000
__size_of_setLEDs                           (abs)        00000
__size_of_setupLEDs                         (abs)        00000
__size_of_startLEDs                         (abs)        00000
__size_of_stopLEDs                          (abs)        00000
__size_ofi1_PWM1_DutyCycleSet               (abs)        00000
__size_ofi1_PWM1_LoadBufferSet              (abs)        00000
__size_ofi1_PWM1_Start                      (abs)        00000
__size_ofi1_PWM2_DutyCycleSet               (abs)        00000
__size_ofi1_PWM2_LoadBufferSet              (abs)        00000
__size_ofi1_PWM2_Start                      (abs)        00000
__size_ofi1_PWM3_DutyCycleSet               (abs)        00000
__size_ofi1_PWM3_LoadBufferSet              (abs)        00000
__size_ofi1_PWM3_Start                      (abs)        00000
__size_ofi1_disableSerial                   (abs)        00000
__size_ofi1_setLEDs                         (abs)        00000
__size_ofi1_startLEDs                       (abs)        00000
_buttonHandler                              text81       005BB
_buttons                                    bssBANK0     00043
_checkButtons                               text38       0002E
_connectHandler                             text62       00186
_disableSerial                              text39       0053A
_enableSerial                               text75       0055D
_flashValue                                 text22       001CB
_flashit                                    text28       002C3
_game_check_it                              text15       00351
_game_initialise                            text17       00268
_game_level                                 dataBANK0    0004B
_game_topscore                              text14       00594
_machine_led_flash                          text21       00330
_machine_notify_user                        text12       00141
_machine_warn_user                          text16       00200
_main                                       maintext     000DA
_move_current                               bssBANK0     0003E
_moves                                      (abs)        0208C
_new_level                                  text20       003A9
_rand                                       text18       00234
_seed                                       bssBANK0     0003F
_setLED                                     text29       0038D
_setLEDs                                    text23       0040B
_setupLEDs                                  text1        0030E
_startLEDs                                  text24       00597
_stopLEDs                                   text2        0058E
_timer1ReloadVal                            nvCOMMON     00079
_top_score                                  dataBANK0    0004A
btemp                                       (abs)        0007E
checkButtons@adc                            cstackBANK0  00027
checkButtons@buttons                        cstackBANK0  00026
checkButtons@i                              cstackBANK0  00025
clear_ram0                                  clrtext      004A0
end_of_initialization                       cinit        0002B
flashValue@times                            cstackBANK0  00029
flashit@colour                              cstackBANK0  00027
flashit@flash                               cstackBANK0  00025
game_check_it@led                           cstackBANK0  00038
game_check_it@result                        cstackBANK0  00039
game_initialise@i                           cstackBANK0  00036
game_initialise@randomThree                 cstackBANK0  00034
i1PWM1_DutyCycleSet@dutyCycleCount          cstackCOMMON 00070
i1PWM2_DutyCycleSet@dutyCycleCount          cstackCOMMON 00070
i1PWM3_DutyCycleSet@dutyCycleCount          cstackCOMMON 00070
i1_PWM1_DutyCycleSet                        text73       0057D
i1_PWM1_LoadBufferSet                       text72       005B6
i1_PWM1_Start                               text67       0059D
i1_PWM2_DutyCycleSet                        text71       00578
i1_PWM2_LoadBufferSet                       text70       005B4
i1_PWM2_Start                               text66       005B0
i1_PWM3_DutyCycleSet                        text69       00573
i1_PWM3_LoadBufferSet                       text68       005B2
i1_PWM3_Start                               text65       005AE
i1_disableSerial                            text74       00556
i1_setLEDs                                  text63       0045E
i1_startLEDs                                text64       00586
i1setLEDs@led1                              cstackCOMMON 00072
i1setLEDs@led2                              cstackCOMMON 00074
i1setLEDs@led3                              cstackCOMMON 00076
int$flags                                   (abs)        0007E
intlevel0                                   functab      00000
intlevel1                                   functab      00000
intlevel2                                   functab      00000
intlevel3                                   functab      00000
intlevel4                                   functab      00000
intlevel5                                   functab      00000
machine_led_flash@led                       cstackBANK0  00026
machine_notify_user@i                       cstackBANK0  00029
machine_notify_user@j                       cstackBANK0  0002D
machine_notify_user@val                     cstackBANK0  0002B
machine_warn_user@j                         cstackBANK0  00029
main@button_pressed                         cstackBANK0  0003D
main@waitingForButton                       cstackBANK0  0003B
main@waitingForRelease                      cstackBANK0  0003C
new_level@j                                 cstackBANK0  00027
reset_vec                                   reset_vec    00000
setLED@LEDno                                cstackBANK0  00024
setLED@duty                                 cstackBANK0  00022
setLEDs@led1                                cstackBANK0  00022
setLEDs@led2                                cstackBANK0  00024
setLEDs@led3                                cstackBANK0  00026
setupLEDs@period                            cstackBANK0  00028
stackhi                                     (abs)        0208B
stacklo                                     (abs)        0202C
start                                       init         00016
start_initialization                        cinit        00017
wtemp0                                      (abs)        0007E


FUNCTION INFORMATION:

 *************** function _main *****************
 Defined at:
		line 31 in file "main.c"
 Parameters:    Size  Location     Type
		None
 Auto vars:     Size  Location     Type
  button_press    1   29[BANK0 ] enum E3499
  waitingForRe    1   28[BANK0 ] _Bool 
  waitingForBu    1   27[BANK0 ] _Bool 
 Return value:  Size  Location     Type
                  1    wreg      void 
 Registers used:
		wreg, fsr1l, fsr1h, status,2, status,0, pclath, cstack
 Tracked objects:
		On entry : 
		On exit  : 
		Unchanged: 
 Data sizes:     COMMON   BANK0   BANK1   BANK2
      Params:         0       0       0       0
      Locals:         0       3       0       0
      Temps:          0       1       0       0
      Totals:         0       4       0       0
Total ram usage:        4 bytes
 Hardware stack levels required when called:   13
 This function calls:
		_SYSTEM_Initialize
		_checkButtons
		_flashValue
		_game_check_it
		_game_initialise
		_game_topscore
		_machine_notify_user
		_machine_warn_user
		_setLED
		_setupLEDs
 This function is called by:
		Startup code after reset
 This function uses a non-reentrant model


 *************** function _setupLEDs *****************
 Defined at:
		line 55 in file "aj_hal.c"
 Parameters:    Size  Location     Type
  period          2    8[BANK0 ] unsigned short 
 Auto vars:     Size  Location     Type
		None
 Return value:  Size  Location     Type
                  1    wreg      void 
 Registers used:
		wreg, status,2, status,0, pclath, cstack
 Tracked objects:
		On entry : 
		On exit  : 
		Unchanged: 
 Data sizes:     COMMON   BANK0   BANK1   BANK2
      Params:         0       2       0       0
      Locals:         0       0       0       0
      Temps:          0       0       0       0
      Totals:         0       2       0       0
Total ram usage:        2 bytes
 Hardware stack levels used:    1
 Hardware stack levels required when called:   10
 This function calls:
		_PWM1_PeriodSet
		_PWM1_PhaseSet
		_PWM2_PeriodSet
		_PWM2_PhaseSet
		_PWM3_PeriodSet
		_PWM3_PhaseSet
		_setLEDs
		_stopLEDs
 This function is called by:
		_main
 This function uses a non-reentrant model


 *************** function _stopLEDs *****************
 Defined at:
		line 30 in file "aj_hal.c"
 Parameters:    Size  Location     Type
		None
 Auto vars:     Size  Location     Type
		None
 Return value:  Size  Location     Type
                  1    wreg      void 
 Registers used:
		status,2, status,0, pclath, cstack
 Tracked objects:
		On entry : 
		On exit  : 
		Unchanged: 
 Data sizes:     COMMON   BANK0   BANK1   BANK2
      Params:         0       0       0       0
      Locals:         0       0       0       0
      Temps:          0       0       0       0
      Totals:         0       0       0       0
Total ram usage:        0 bytes
 Hardware stack levels used:    1
 Hardware stack levels required when called:    8
 This function calls:
		_PWM1_Stop
		_PWM2_Stop
		_PWM3_Stop
 This function is called by:
		_setupLEDs
 This function uses a non-reentrant model


 *************** function _PWM3_Stop *****************
 Defined at:
		line 118 in file "mcc_generated_files/pwm3.c"
 Parameters:    Size  Location     Type
		None
 Auto vars:     Size  Location     Type
		None
 Return value:  Size  Location     Type
                  1    wreg      void 
 Registers used:
		None
 Tracked objects:
		On entry : 
		On exit  : 
		Unchanged: 
 Data sizes:     COMMON   BANK0   BANK1   BANK2
      Params:         0       0       0       0
      Locals:         0       0       0       0
      Temps:          0       0       0       0
      Totals:         0       0       0       0
Total ram usage:        0 bytes
 Hardware stack levels used:    1
 Hardware stack levels required when called:    7
 This function calls:
		Nothing
 This function is called by:
		_stopLEDs
 This function uses a non-reentrant model


 *************** function _PWM2_Stop *****************
 Defined at:
		line 118 in file "mcc_generated_files/pwm2.c"
 Parameters:    Size  Location     Type
		None
 Auto vars:     Size  Location     Type
		None
 Return value:  Size  Location     Type
                  1    wreg      void 
 Registers used:
		None
 Tracked objects:
		On entry : 
		On exit  : 
		Unchanged: 
 Data sizes:     COMMON   BANK0   BANK1   BANK2
      Params:         0       0       0       0
      Locals:         0       0       0       0
      Temps:          0       0       0       0
      Totals:         0       0       0       0
Total ram usage:        0 bytes
 Hardware stack levels used:    1
 Hardware stack levels required when called:    7
 This function calls:
		Nothing
 This function is called by:
		_stopLEDs
 This function uses a non-reentrant model


 *************** function _PWM1_Stop *****************
 Defined at:
		line 118 in file "mcc_generated_files/pwm1.c"
 Parameters:    Size  Location     Type
		None
 Auto vars:     Size  Location     Type
		None
 Return value:  Size  Location     Type
                  1    wreg      void 
 Registers used:
		None
 Tracked objects:
		On entry : 
		On exit  : 
		Unchanged: 
 Data sizes:     COMMON   BANK0   BANK1   BANK2
      Params:         0       0       0       0
      Locals:         0       0       0       0
      Temps:          0       0       0       0
      Totals:         0       0       0       0
Total ram usage:        0 bytes
 Hardware stack levels used:    1
 Hardware stack levels required when called:    7
 This function calls:
		Nothing
 This function is called by:
		_stopLEDs
 This function uses a non-reentrant model


 *************** function _PWM3_PhaseSet *****************
 Defined at:
		line 133 in file "mcc_generated_files/pwm3.c"
 Parameters:    Size  Location     Type
  phaseCount      2    0[BANK0 ] unsigned short 
 Auto vars:     Size  Location     Type
		None
 Return value:  Size  Location     Type
                  1    wreg      void 
 Registers used:
		wreg
 Tracked objects:
		On entry : 
		On exit  : 
		Unchanged: 
 Data sizes:     COMMON   BANK0   BANK1   BANK2
      Params:         0       2       0       0
      Locals:         0       0       0       0
      Temps:          0       0       0       0
      Totals:         0       2       0       0
Total ram usage:        2 bytes
 Hardware stack levels used:    1
 Hardware stack levels required when called:    7
 This function calls:
		Nothing
 This function is called by:
		_setupLEDs
 This function uses a non-reentrant model


 *************** function _PWM3_PeriodSet *****************
 Defined at:
		line 145 in file "mcc_generated_files/pwm3.c"
 Parameters:    Size  Location     Type
  periodCount     2    0[BANK0 ] unsigned short 
 Auto vars:     Size  Location     Type
		None
 Return value:  Size  Location     Type
                  1    wreg      void 
 Registers used:
		wreg
 Tracked objects:
		On entry : 
		On exit  : 
		Unchanged: 
 Data sizes:     COMMON   BANK0   BANK1   BANK2
      Params:         0       2       0       0
      Locals:         0       0       0       0
      Temps:          0       0       0       0
      Totals:         0       2       0       0
Total ram usage:        2 bytes
 Hardware stack levels used:    1
 Hardware stack levels required when called:    7
 This function calls:
		Nothing
 This function is called by:
		_setupLEDs
 This function uses a non-reentrant model


 *************** function _PWM2_PhaseSet *****************
 Defined at:
		line 133 in file "mcc_generated_files/pwm2.c"
 Parameters:    Size  Location     Type
  phaseCount      2    0[BANK0 ] unsigned short 
 Auto vars:     Size  Location     Type
		None
 Return value:  Size  Location     Type
                  1    wreg      void 
 Registers used:
		wreg
 Tracked objects:
		On entry : 
		On exit  : 
		Unchanged: 
 Data sizes:     COMMON   BANK0   BANK1   BANK2
[...]
 Data sizes:     COMMON   BANK0   BANK1   BANK2
      Params:         0       0       0       0
      Locals:         0       0       0       0
      Temps:          0       0       0       0
      Totals:         0       0       0       0
Total ram usage:        0 bytes
 Hardware stack levels used:    1
 This function calls:
		Nothing
 This function is called by:
		i1_startLEDs
 This function uses a non-reentrant model


 *************** function i1_PWM2_Start *****************
 Defined at:
		line 113 in file "mcc_generated_files/pwm2.c"
 Parameters:    Size  Location     Type
		None
 Auto vars:     Size  Location     Type
		None
 Return value:  Size  Location     Type
                  1    wreg      void 
 Registers used:
		None
 Tracked objects:
		On entry : 
		On exit  : 
		Unchanged: 
 Data sizes:     COMMON   BANK0   BANK1   BANK2
      Params:         0       0       0       0
      Locals:         0       0       0       0
      Temps:          0       0       0       0
      Totals:         0       0       0       0
Total ram usage:        0 bytes
 Hardware stack levels used:    1
 This function calls:
		Nothing
 This function is called by:
		i1_startLEDs
 This function uses a non-reentrant model


 *************** function i1_PWM1_Start *****************
 Defined at:
		line 113 in file "mcc_generated_files/pwm1.c"
 Parameters:    Size  Location     Type
		None
 Auto vars:     Size  Location     Type
		None
 Return value:  Size  Location     Type
                  1    wreg      void 
 Registers used:
		None
 Tracked objects:
		On entry : 
		On exit  : 
		Unchanged: 
 Data sizes:     COMMON   BANK0   BANK1   BANK2
      Params:         0       0       0       0
      Locals:         0       0       0       0
      Temps:          0       0       0       0
      Totals:         0       0       0       0
Total ram usage:        0 bytes
 Hardware stack levels used:    1
 This function calls:
		Nothing
 This function is called by:
		i1_startLEDs
 This function uses a non-reentrant model


 *************** function i1_PWM3_LoadBufferSet *****************
 Defined at:
		line 128 in file "mcc_generated_files/pwm3.c"
 Parameters:    Size  Location     Type
		None
 Auto vars:     Size  Location     Type
		None
 Return value:  Size  Location     Type
                  1    wreg      void 
 Registers used:
		None
 Tracked objects:
		On entry : 
		On exit  : 
		Unchanged: 
 Data sizes:     COMMON   BANK0   BANK1   BANK2
      Params:         0       0       0       0
      Locals:         0       0       0       0
      Temps:          0       0       0       0
      Totals:         0       0       0       0
Total ram usage:        0 bytes
 Hardware stack levels used:    1
 This function calls:
		Nothing
 This function is called by:
		i1_setLEDs
 This function uses a non-reentrant model


 *************** function i1_PWM3_DutyCycleSet *****************
 Defined at:
		line 139 in file "mcc_generated_files/pwm3.c"
 Parameters:    Size  Location     Type
  dutyCycleCou    2    0[COMMON] unsigned short 
 Auto vars:     Size  Location     Type
		None
 Return value:  Size  Location     Type
                  1    wreg      void 
 Registers used:
		wreg
 Tracked objects:
		On entry : 
		On exit  : 
		Unchanged: 
 Data sizes:     COMMON   BANK0   BANK1   BANK2
      Params:         2       0       0       0
      Locals:         0       0       0       0
      Temps:          0       0       0       0
      Totals:         2       0       0       0
Total ram usage:        2 bytes
 Hardware stack levels used:    1
 This function calls:
		Nothing
 This function is called by:
		i1_setLEDs
 This function uses a non-reentrant model


 *************** function i1_PWM2_LoadBufferSet *****************
 Defined at:
		line 128 in file "mcc_generated_files/pwm2.c"
 Parameters:    Size  Location     Type
		None
 Auto vars:     Size  Location     Type
		None
 Return value:  Size  Location     Type
                  1    wreg      void 
 Registers used:
		None
 Tracked objects:
		On entry : 
		On exit  : 
		Unchanged: 
 Data sizes:     COMMON   BANK0   BANK1   BANK2
      Params:         0       0       0       0
      Locals:         0       0       0       0
      Temps:          0       0       0       0
      Totals:         0       0       0       0
Total ram usage:        0 bytes
 Hardware stack levels used:    1
 This function calls:
		Nothing
 This function is called by:
		i1_setLEDs
 This function uses a non-reentrant model


 *************** function i1_PWM2_DutyCycleSet *****************
 Defined at:
		line 139 in file "mcc_generated_files/pwm2.c"
 Parameters:    Size  Location     Type
  dutyCycleCou    2    0[COMMON] unsigned short 
 Auto vars:     Size  Location     Type
		None
 Return value:  Size  Location     Type
                  1    wreg      void 
 Registers used:
		wreg
 Tracked objects:
		On entry : 
		On exit  : 
		Unchanged: 
 Data sizes:     COMMON   BANK0   BANK1   BANK2
      Params:         2       0       0       0
      Locals:         0       0       0       0
      Temps:          0       0       0       0
      Totals:         2       0       0       0
Total ram usage:        2 bytes
 Hardware stack levels used:    1
 This function calls:
		Nothing
 This function is called by:
		i1_setLEDs
 This function uses a non-reentrant model


 *************** function i1_PWM1_LoadBufferSet *****************
 Defined at:
		line 128 in file "mcc_generated_files/pwm1.c"
 Parameters:    Size  Location     Type
		None
 Auto vars:     Size  Location     Type
		None
 Return value:  Size  Location     Type
                  1    wreg      void 
 Registers used:
		None
 Tracked objects:
		On entry : 
		On exit  : 
		Unchanged: 
 Data sizes:     COMMON   BANK0   BANK1   BANK2
      Params:         0       0       0       0
      Locals:         0       0       0       0
      Temps:          0       0       0       0
      Totals:         0       0       0       0
Total ram usage:        0 bytes
 Hardware stack levels used:    1
 This function calls:
		Nothing
 This function is called by:
		i1_setLEDs
 This function uses a non-reentrant model


 *************** function i1_PWM1_DutyCycleSet *****************
 Defined at:
		line 139 in file "mcc_generated_files/pwm1.c"
 Parameters:    Size  Location     Type
  dutyCycleCou    2    0[COMMON] unsigned short 
 Auto vars:     Size  Location     Type
		None
 Return value:  Size  Location     Type
                  1    wreg      void 
 Registers used:
		wreg
 Tracked objects:
		On entry : 
		On exit  : 
		Unchanged: 
 Data sizes:     COMMON   BANK0   BANK1   BANK2
      Params:         2       0       0       0
      Locals:         0       0       0       0
      Temps:          0       0       0       0
      Totals:         2       0       0       0
Total ram usage:        2 bytes
 Hardware stack levels used:    1
 This function calls:
		Nothing
 This function is called by:
		i1_setLEDs
 This function uses a non-reentrant model


 *************** function i1_disableSerial *****************
 Defined at:
		line 17 in file "aj_hal.c"
 Parameters:    Size  Location     Type
		None
 Auto vars:     Size  Location     Type
		None
 Return value:  Size  Location     Type
                  1    wreg      void 
 Registers used:
		wreg
 Tracked objects:
		On entry : 
		On exit  : 
		Unchanged: 
 Data sizes:     COMMON   BANK0   BANK1   BANK2
      Params:         0       0       0       0
      Locals:         0       0       0       0
      Temps:          0       0       0       0
      Totals:         0       0       0       0
Total ram usage:        0 bytes
 Hardware stack levels used:    1
 This function calls:
		Nothing
 This function is called by:
		_connectHandler
 This function uses a non-reentrant model


 *************** function _enableSerial *****************
 Defined at:
		line 10 in file "aj_hal.c"
 Parameters:    Size  Location     Type
		None
 Auto vars:     Size  Location     Type
		None
 Return value:  Size  Location     Type
                  1    wreg      void 
 Registers used:
		wreg
 Tracked objects:
		On entry : 
		On exit  : 
		Unchanged: 
 Data sizes:     COMMON   BANK0   BANK1   BANK2
      Params:         0       0       0       0
      Locals:         0       0       0       0
      Temps:          0       0       0       0
      Totals:         0       0       0       0
Total ram usage:        0 bytes
 Hardware stack levels used:    1
 This function calls:
		Nothing
 This function is called by:
		_connectHandler
 This function uses a non-reentrant model


 *************** function _EUSART_is_tx_ready *****************
 Defined at:
		line 78 in file "mcc_generated_files/eusart.c"
 Parameters:    Size  Location     Type
		None
 Auto vars:     Size  Location     Type
		None
 Return value:  Size  Location     Type
                  1    wreg      _Bool 
 Registers used:
		wreg, status,2
 Tracked objects:
		On entry : 
		On exit  : 
		Unchanged: 
 Data sizes:     COMMON   BANK0   BANK1   BANK2
      Params:         0       0       0       0
      Locals:         1       0       0       0
      Temps:          0       0       0       0
      Totals:         1       0       0       0
Total ram usage:        1 bytes
 Hardware stack levels used:    1
 This function calls:
		Nothing
 This function is called by:
		_connectHandler
 This function uses a non-reentrant model


 *************** function _EUSART_is_tx_done *****************
 Defined at:
		line 88 in file "mcc_generated_files/eusart.c"
 Parameters:    Size  Location     Type
		None
 Auto vars:     Size  Location     Type
		None
 Return value:  Size  Location     Type
                  1    wreg      _Bool 
 Registers used:
		wreg, status,2, status,0
 Tracked objects:
		On entry : 
		On exit  : 
		Unchanged: 
 Data sizes:     COMMON   BANK0   BANK1   BANK2
      Params:         0       0       0       0
      Locals:         0       0       0       0
      Temps:          0       0       0       0
      Totals:         0       0       0       0
Total ram usage:        0 bytes
 Hardware stack levels used:    1
 This function calls:
		Nothing
 This function is called by:
		_connectHandler
 This function uses a non-reentrant model


 *************** function _EUSART_Write *****************
 Defined at:
		line 111 in file "mcc_generated_files/eusart.c"
 Parameters:    Size  Location     Type
  txData          1    wreg     unsigned char 
 Auto vars:     Size  Location     Type
  txData          1    0[COMMON] unsigned char 
 Return value:  Size  Location     Type
                  1    wreg      void 
 Registers used:
		wreg
 Tracked objects:
		On entry : 
		On exit  : 
		Unchanged: 
 Data sizes:     COMMON   BANK0   BANK1   BANK2
      Params:         0       0       0       0
      Locals:         1       0       0       0
      Temps:          0       0       0       0
      Totals:         1       0       0       0
Total ram usage:        1 bytes
 Hardware stack levels used:    1
 This function calls:
		Nothing
 This function is called by:
		_connectHandler
 This function uses a non-reentrant model


 *************** function _IOCAF0_ISR *****************
 Defined at:
		line 142 in file "mcc_generated_files/pin_manager.c"
 Parameters:    Size  Location     Type
		None
 Auto vars:     Size  Location     Type
		None
 Return value:  Size  Location     Type
                  1    wreg      void 
 Registers used:
		wreg, status,2, status,0, pclath, cstack
 Tracked objects:
		On entry : 
		On exit  : 
		Unchanged: 
 Data sizes:     COMMON   BANK0   BANK1   BANK2
      Params:         0       0       0       0
      Locals:         0       0       0       0
      Temps:          0       0       0       0
      Totals:         0       0       0       0
Total ram usage:        0 bytes
 Hardware stack levels used:    1
 Hardware stack levels required when called:    1
 This function calls:
		Absolute function
		_IOCAF0_DefaultInterruptHandler
		_buttonHandler
 This function is called by:
		_PIN_MANAGER_IOC
 This function uses a non-reentrant model


 *************** function _IOCAF0_DefaultInterruptHandler *****************
 Defined at:
		line 164 in file "mcc_generated_files/pin_manager.c"
 Parameters:    Size  Location     Type
		None
 Auto vars:     Size  Location     Type
		None
 Return value:  Size  Location     Type
                  1    wreg      void 
 Registers used:
		None
 Tracked objects:
		On entry : 
		On exit  : 
		Unchanged: 
 Data sizes:     COMMON   BANK0   BANK1   BANK2
      Params:         0       0       0       0
      Locals:         0       0       0       0
      Temps:          0       0       0       0
      Totals:         0       0       0       0
Total ram usage:        0 bytes
 Hardware stack levels used:    1
 This function calls:
		Nothing
 This function is called by:
		_PIN_MANAGER_Initialize
		_IOCAF0_ISR
 This function uses a non-reentrant model


 *************** function _buttonHandler *****************
 Defined at:
		line 119 in file "aj_hal.c"
 Parameters:    Size  Location     Type
		None
 Auto vars:     Size  Location     Type
		None
 Return value:  Size  Location     Type
                  1    wreg      void 
 Registers used:
		None
 Tracked objects:
		On entry : 
		On exit  : 
		Unchanged: 
 Data sizes:     COMMON   BANK0   BANK1   BANK2
      Params:         0       0       0       0
      Locals:         0       0       0       0
      Temps:          0       0       0       0
      Totals:         0       0       0       0
Total ram usage:        0 bytes
 Hardware stack levels used:    1
 This function calls:
		Nothing
 This function is called by:
		_IOCAF0_ISR
 This function uses a non-reentrant model



MODULE INFORMATION

Module		Function		Class		Link	Load	Size
C:\Program Files (x86)\Microchip\xc8\v2.00\pic\sources\c99\common\lbdiv.c
		___lbdiv       		CODE           	03DC	0000	25

C:\Program Files (x86)\Microchip\xc8\v2.00\pic\sources\c99\common\lbdiv.c estimated size: 25

aj_hal.c
		_buttonHandler 		CODE           	05BB	0000	2
		_connectHandler		CODE           	0186	0000	70
		_setLED        		CODE           	038D	0000	29
		_disableSerial 		CODE           	053A	0000	8
		_startLEDs     		CODE           	0597	0000	4
		_setLEDs       		CODE           	040B	0000	23
		_setupLEDs     		CODE           	030E	0000	35
		_enableSerial  		CODE           	055D	0000	8
		_stopLEDs      		CODE           	058E	0000	4
		_checkButtons  		CODE           	002E	0000	157

aj_hal.c estimated size: 340

C:\Program Files (x86)\Microchip\xc8\v2.00\pic\sources\c99\common\Umul32.c
		___lmul        		CODE           	02E9	0000	38

C:\Program Files (x86)\Microchip\xc8\v2.00\pic\sources\c99\common\Umul32.c estimated size: 38

flashValue.c
		_flashit       		CODE           	02C3	0000	39
		_flashValue    		CODE           	01CB	0000	54

flashValue.c estimated size: 93

mcc_generated_files/interrupt_manager.c
		_INTERRUPT_InterruptManager		CODE           	0004	0000	19

mcc_generated_files/interrupt_manager.c estimated size: 19

mcc_generated_files/pwm2.c
		_PWM2_PeriodSet		CODE           	0502	0000	9
		_PWM2_Initialize		CODE           	0472	0000	20
		_PWM2_Stop     		CODE           	05A2	0000	3
		_PWM2_Start    		CODE           	05A6	0000	3
		_PWM2_LoadBufferSet		CODE           	05AA	0000	3
		_PWM2_DutyCycleSet		CODE           	0522	0000	9
		_PWM2_PhaseSet 		CODE           	04FA	0000	9

mcc_generated_files/pwm2.c estimated size: 56

mcc_generated_files/adc1.c
		_ADC1_Initialize		CODE           	04E1	0000	10
		_ADC1_GetConversion		CODE           	0370	0000	30

mcc_generated_files/adc1.c estimated size: 40

mcc_generated_files/pin_manager.c
		_IOCAF5_SetInterruptHandler		CODE           	0569	0000	6
		_PIN_MANAGER_Initialize		CODE           	029A	0000	42
		_IOCAF0_SetInterruptHandler		CODE           	056E	0000	6
		_IOCAF5_DefaultInterruptHandler		CODE           	05B9	0000	2
		_IOCAF5_ISR    		CODE           	04AC	0000	13
		_PIN_MANAGER_IOC		CODE           	054F	0000	8
		_IOCAF0_DefaultInterruptHandler		CODE           	05BA	0000	2
		_IOCAF0_ISR    		CODE           	0493	0000	14

mcc_generated_files/pin_manager.c estimated size: 93

machine.c
		_machine_led_flash		CODE           	0330	0000	34
		_machine_warn_user		CODE           	0200	0000	53
		_machine_notify_user		CODE           	0141	0000	63

machine.c estimated size: 150

shared
		PL12           		CODE           	00D6	0000	5
		PL8            		CODE           	03BD	0000	8
		i1_PWM1_Start  		CODE           	059D	0000	4
		i1_disableSerial		CODE           	0556	0000	8
		i1_PWM3_LoadBufferSet		CODE           	05B2	0000	3
		i1_PWM1_DutyCycleSet		CODE           	057D	0000	6
		i1_startLEDs   		CODE           	0586	0000	5
		i1_PWM1_LoadBufferSet		CODE           	05B6	0000	3
		i1_PWM2_Start  		CODE           	05B0	0000	3
		__initialization		CODE           	0017	0000	21
		i1_PWM2_DutyCycleSet		CODE           	0578	0000	6
		i1_PWM2_LoadBufferSet		CODE           	05B4	0000	3
		i1_PWM3_Start  		CODE           	05AE	0000	3
		PL2            		CODE           	0290	0000	11
		i1_setLEDs     		CODE           	045E	0000	21
		i1_PWM3_DutyCycleSet		CODE           	0573	0000	6
		PL10           		CODE           	00D1	0000	6
		PL4            		CODE           	017F	0000	8
		PL6            		CODE           	00CA	0000	8

shared estimated size: 138

game.c
		_new_level     		CODE           	03A9	0000	21
		_game_initialise		CODE           	0268	0000	41
		_game_topscore 		CODE           	0594	0000	4
		_game_check_it 		CODE           	0351	0000	32

game.c estimated size: 98

C:\Program Files (x86)\Microchip\xc8\v2.00\pic\sources\c99\common\lbmod.c
		___lbmod       		CODE           	03C4	0000	25

C:\Program Files (x86)\Microchip\xc8\v2.00\pic\sources\c99\common\lbmod.c estimated size: 25

mcc_generated_files/mcc.c
		_WDT_Initialize		CODE           	0582	0000	5
		_OSCILLATOR_Initialize		CODE           	0541	0000	8
		_SYSTEM_Initialize		CODE           	04D8	0000	10

mcc_generated_files/mcc.c estimated size: 23

mcc_generated_files/pwm3.c
		_PWM3_DutyCycleSet		CODE           	051A	0000	9
		_PWM3_PhaseSet 		CODE           	04EA	0000	9
		_PWM3_PeriodSet		CODE           	04F2	0000	9
		_PWM3_Initialize		CODE           	0436	0000	21
		_PWM3_Stop     		CODE           	05A0	0000	3
		_PWM3_Start    		CODE           	05A4	0000	3
		_PWM3_LoadBufferSet		CODE           	05A8	0000	3

mcc_generated_files/pwm3.c estimated size: 57

C:\Program Files (x86)\Microchip\xc8\v2.00\pic\sources\c99\common\rand.c
		_rand          		CODE           	0234	0000	53

C:\Program Files (x86)\Microchip\xc8\v2.00\pic\sources\c99\common\rand.c estimated size: 53

mcc_generated_files/tmr1.c
		_TMR1_Initialize		CODE           	03F4	0000	24
		_TMR1_SetInterruptHandler		CODE           	0564	0000	6
		_TMR1_DefaultInterruptHandler		CODE           	05B8	0000	2
		_TMR1_CallBack 		CODE           	04CE	0000	11
		_TMR1_WriteTimer		CODE           	0485	0000	15
		_TMR1_ISR      		CODE           	0548	0000	8

mcc_generated_files/tmr1.c estimated size: 66

mcc_generated_files/pwm1.c
		_PWM1_Initialize		CODE           	044A	0000	21
		_PWM1_Stop     		CODE           	0591	0000	4
		_PWM1_Start    		CODE           	059A	0000	4
		_PWM1_LoadBufferSet		CODE           	05AC	0000	3
		_PWM1_DutyCycleSet		CODE           	052A	0000	9
		_PWM1_PhaseSet 		CODE           	050A	0000	9
		_PWM1_PeriodSet		CODE           	0512	0000	9

mcc_generated_files/pwm1.c estimated size: 59

mcc_generated_files/eusart.c
		_EUSART_Write  		CODE           	0532	0000	9
		_EUSART_is_tx_done		CODE           	058A	0000	5
		_EUSART_Initialize		CODE           	04B8	0000	12
		_EUSART_is_tx_ready		CODE           	04C3	0000	12

mcc_generated_files/eusart.c estimated size: 38

C:\Program Files (x86)\Microchip\xc8\v2.00\pic\sources\c99\common\Umul16.c
		___wmul        		CODE           	0421	0000	22

C:\Program Files (x86)\Microchip\xc8\v2.00\pic\sources\c99\common\Umul16.c estimated size: 22

main.c
		_main          		CODE           	00DA	0000	104

main.c estimated size: 104

